// Jest Snapshot v1, https://goo.gl/fbAQLP

exports[`paragraph with text 1`] = `"<paragraph>This is my paragraph text.</paragraph>"`;

exports[`paragraph with text 2`] = `
paragraph {
  "_children": Array [
    Text {
      "_children": Array [],
      "_parent": [Circular],
      "attributes": Object {},
      "basicAttributes": Array [
        "ids",
        "classes",
        "names",
        "dupnames",
      ],
      "childTextSeparator": "",
      "classTypes": Array [],
      "currentLine": 0,
      "currentSource": "",
      "data": "This is my paragraph text.",
      "isSetup": false,
      "knownAttributes": Array [],
      "line": 0,
      "listAttributes": Array [],
      "names": Array [],
      "rawsource": "",
      "referenced": false,
      "tagname": "Text",
    },
  ],
  "attributes": Object {
    "backrefs": Array [],
    "classes": Array [],
    "dupnames": Array [],
    "ids": Array [],
    "names": Array [],
  },
  "basicAttributes": Array [
    "ids",
    "classes",
    "names",
    "dupnames",
  ],
  "childTextSeparator": "

",
  "classTypes": Array [
    [Function],
  ],
  "currentLine": 0,
  "currentSource": "",
  "isSetup": false,
  "knownAttributes": Array [
    "ids",
    "classes",
    "names",
    "dupnames",
    "backrefs",
    "source",
    "rawsource",
  ],
  "line": 0,
  "listAttributes": Array [
    "ids",
    "classes",
    "names",
    "dupnames",
    "backrefs",
  ],
  "localAttributes": Array [
    "backrefs",
  ],
  "names": Array [],
  "nodeName": Symbol(Element),
  "rawsource": "",
  "referenced": false,
  "tagname": "paragraph",
}
`;
