// Jest Snapshot v1, https://goo.gl/fbAQLP

exports[`Instantiate publisher #2 1`] = `
document {
  "attributes": Object {
    "backrefs": Array [],
    "classes": Array [],
    "dupnames": Array [],
    "ids": Array [],
    "names": Array [],
    "source": "",
  },
  "autofootnoteRefs": Array [],
  "autofootnoteStart": 1,
  "autofootnotes": Array [],
  "basicAttributes": Array [
    "ids",
    "classes",
    "names",
    "dupnames",
  ],
  "childTextSeparator": "

",
  "children": Array [],
  "citationRefs": Object {},
  "citations": Array [],
  "classTypes": Array [
    [Function],
    [Function],
  ],
  "currentLine": 0,
  "currentSource": "",
  "decoration": undefined,
  "document": [Circular],
  "footnoteRefs": Object {},
  "footnotes": Array [],
  "idStart": 1,
  "ids": Object {},
  "indirectTargets": Array [],
  "knownAttributes": Array [
    "ids",
    "classes",
    "names",
    "dupnames",
    "backrefs",
    "source",
    "rawsource",
  ],
  "line": 0,
  "listAttributes": Array [
    "ids",
    "classes",
    "names",
    "dupnames",
    "backrefs",
  ],
  "localAttributes": Array [
    "backrefs",
  ],
  "nameIds": Object {},
  "nameTypes": Object {},
  "names": Array [],
  "nodeName": Symbol(Element),
  "parseMessages": Array [],
  "rawsource": "",
  "refIds": Object {},
  "refNames": Object {},
  "referenced": false,
  "reporter": Reporter {
    "DEBUG_LEVEL": 0,
    "ERROR_LEVEL": 3,
    "INFO_LEVEL": 1,
    "SEVERE_LEVEL": 4,
    "WARNING_LEVEL": 2,
    "debugFlag": undefined,
    "debugLevel": 0,
    "encoding": "UTF-8",
    "errorHandler": "backslashreplace",
    "haltLevel": 4,
    "maxLevel": -1,
    "observers": Array [
      [Function],
    ],
    "reportLevel": undefined,
    "source": "",
    "stream": undefined,
  },
  "settings": Object {
    "docutilsCoreOptionParser": Object {
      "autoIdPrefix": "id",
      "debug": undefined,
      "errorEncoding": "UTF-8",
      "errorEncodingErrorHandler": "backslashreplace",
      "exitStatusLevel": 5,
      "haltLevel": undefined,
      "idPrefix": "",
      "inputEncodingErrorHandler": "strict",
      "languageCode": "en",
      "outputEncoding": "utf-8",
      "outputEncodingErrorHandler": "strict",
      "recordDependencies": null,
      "reportLevel": undefined,
    },
    "docutilsFrontendOptionParser": Object {
      "autoIdPrefix": "id",
      "errorEncoding": "UTF-8",
      "errorEncodingErrorHandler": "backslashreplace",
      "exitStatusLevel": 5,
      "idPrefix": "",
      "inputEncodingErrorHandler": "strict",
      "languageCode": "en",
      "outputEncoding": "utf-8",
      "outputEncodingErrorHandler": "strict",
      "recordDependencies": null,
    },
    "docutilsParsersRstParser": Object {
      "characterLevelInlineMarkup": false,
      "pepBaseUrl": "http://www.python.org/dev/peps/",
      "pepFileUrlTemplate": "pep-%04d",
      "rfcBaseUrl": "http://tools.ietf.org/html/",
      "smartQuotes": false,
      "syntaxHighlight": "long",
      "tabWidth": 8,
    },
    "docutilsReadersPepReader": Object {},
    "docutilsReadersStandaloneReader": Object {
      "docinfoXform": 1,
      "doctitleXform": 1,
    },
    "docutilsWritersDocutilsXmlWriter": Object {
      "doctypeDeclaration": 1,
      "xmlDeclaration": 1,
    },
    "docutilsWritersHtml4Css1Writer": Object {
      "attribution": "dash",
      "fieldNameLimit": 14,
      "footnoteReferences": "brackets",
      "initialHeaderLevel": "1",
      "mathOutput": "HTML math.css",
      "optionLimit": 14,
      "stylesheetDirs": Array [
        ".",
        "/usr/share/docutils/writers/html4css1",
        "/usr/share/docutils/writers/html5_polyglot",
      ],
      "stylesheetPath": Array [
        "html4css1.css",
      ],
      "tableStyle": "",
      "template": "/usr/share/docutils/writers/html4css1/template.txt",
      "xmlDeclaration": 1,
    },
    "docutilsWritersHtml5PolyglotWriter": Object {
      "attribution": "dash",
      "footnoteReferences": "brackets",
      "initialHeaderLevel": "1",
      "mathOutput": "HTML math.css",
      "stylesheetDirs": Array [
        ".",
        "/usr/share/docutils/writers/html5_polyglot",
      ],
      "stylesheetPath": Array [
        "minimal.css",
        "plain.css",
      ],
      "tableStyle": "",
      "template": "/usr/share/docutils/writers/html5_polyglot/template.txt",
    },
    "docutilsWritersLatex2EWriter": Object {
      "attribution": "dash",
      "documentclass": "article",
      "documentoptions": "a4paper",
      "docutilsFootnotes": true,
      "embedStylesheet": 0,
      "fontEncoding": "T1",
      "footnoteReferences": "superscript",
      "graphicxOption": "",
      "hyperlinkColor": "blue",
      "hyperrefOptions": "",
      "latexPreamble": "% PDF Standard Fonts
\\\\usepackage{mathptmx} % Times
\\\\usepackage[scaled=.90]{helvet}
\\\\usepackage{courier}",
      "literalBlockEnv": "",
      "referenceLabel": null,
      "sectionEnumeratorSeparator": "-",
      "stylesheet": "",
      "stylesheetDirs": Array [
        ".",
      ],
      "tableStyle": Array [
        "standard",
      ],
      "template": "default.tex",
      "useBibtex": null,
      "useLatexAbstract": 0,
      "useLatexDocinfo": 0,
      "usePartSection": 0,
      "useVerbatimWhenPossible": 0,
    },
    "docutilsWritersOdfOdtReader": Object {
      "docinfoXform": 1,
      "doctitleXform": 1,
    },
    "docutilsWritersOdfOdtWriter": Object {
      "addSyntaxHighlighting": false,
      "cloakEmailAddresses": false,
      "createLinks": false,
      "createSections": true,
      "customFooter": "",
      "customHeader": "",
      "endnotesEndDoc": false,
      "generateOowriterToc": true,
      "stylesheet": "/usr/share/docutils/writers/odf_odt/styles.odt",
      "tableBorderThickness": null,
    },
    "docutilsWritersPepHtmlWriter": Object {
      "attribution": "dash",
      "fieldNameLimit": 14,
      "footnoteReferences": "brackets",
      "initialHeaderLevel": "1",
      "mathOutput": "HTML math.css",
      "optionLimit": 14,
      "stylesheetDirs": Array [
        ".",
        "/usr/share/docutils/writers/html4css1",
        "/usr/share/docutils/writers/html5_polyglot",
      ],
      "stylesheetPath": Array [
        "html4css1.css",
      ],
      "tableStyle": "",
      "template": "/usr/share/docutils/writers/html4css1/template.txt",
      "xmlDeclaration": 1,
    },
    "docutilsWritersS5HtmlWriter": Object {
      "attribution": "dash",
      "fieldNameLimit": 14,
      "footnoteReferences": "brackets",
      "initialHeaderLevel": "1",
      "mathOutput": "HTML math.css",
      "optionLimit": 14,
      "stylesheetDirs": Array [
        ".",
        "/usr/share/docutils/writers/html4css1",
        "/usr/share/docutils/writers/html5_polyglot",
      ],
      "stylesheetPath": Array [
        "html4css1.css",
      ],
      "tableStyle": "",
      "template": "/usr/share/docutils/writers/html4css1/template.txt",
      "xmlDeclaration": 1,
    },
    "docutilsWritersXetexWriter": Object {
      "attribution": "dash",
      "documentclass": "article",
      "documentoptions": "a4paper",
      "docutilsFootnotes": true,
      "embedStylesheet": 0,
      "footnoteReferences": "superscript",
      "graphicxOption": "",
      "hyperlinkColor": "blue",
      "hyperrefOptions": "",
      "latexPreamble": "% Linux Libertine (free, wide coverage, not only for Linux)
\\\\setmainfont{Linux Libertine O}
\\\\setsansfont{Linux Biolinum O}
\\\\setmonofont[HyphenChar=None,Scale=MatchLowercase]{DejaVu Sans Mono}",
      "literalBlockEnv": "",
      "referenceLabel": null,
      "sectionEnumeratorSeparator": "-",
      "stylesheet": "",
      "stylesheetDirs": Array [
        ".",
      ],
      "tableStyle": Array [
        "standard",
      ],
      "template": "xelatex.tex",
      "useBibtex": null,
      "useLatexAbstract": 0,
      "useLatexDocinfo": 0,
      "usePartSection": 0,
      "useVerbatimWhenPossible": 0,
    },
  },
  "source": "",
  "substitutionDefs": Object {},
  "substitutionNames": Object {},
  "symbolFootnoteRefs": Array [],
  "symbolFootnoteStart": 0,
  "symbolFootnotes": Array [],
  "tagname": "document",
  "transformMessages": Array [],
  "transformer": Transformer {
    "applied": Array [],
    "components": Object {
      "undefined": Output {
        "_init": [MockFunction],
        "encode": [MockFunction],
        "getTransforms": [MockFunction] {
          "calls": Array [
            Array [],
          ],
          "results": Array [
            Object {
              "type": "return",
              "value": undefined,
            },
          ],
        },
        "toString": [MockFunction],
        "write": [MockFunction],
      },
    },
    "document": [Circular],
    "serialno": 0,
    "sorted": 0,
    "transforms": Array [],
    "unknownReferenceResolvers": Array [],
  },
}
`;

exports[`Instantiate publisher 1`] = `
document {
  "attributes": Object {
    "backrefs": Array [],
    "classes": Array [],
    "dupnames": Array [],
    "ids": Array [],
    "names": Array [],
    "source": "",
  },
  "autofootnoteRefs": Array [],
  "autofootnoteStart": 1,
  "autofootnotes": Array [],
  "basicAttributes": Array [
    "ids",
    "classes",
    "names",
    "dupnames",
  ],
  "childTextSeparator": "

",
  "children": Array [],
  "citationRefs": Object {},
  "citations": Array [],
  "classTypes": Array [
    [Function],
    [Function],
  ],
  "currentLine": 0,
  "currentSource": "",
  "decoration": undefined,
  "document": [Circular],
  "footnoteRefs": Object {},
  "footnotes": Array [],
  "idStart": 1,
  "ids": Object {},
  "indirectTargets": Array [],
  "knownAttributes": Array [
    "ids",
    "classes",
    "names",
    "dupnames",
    "backrefs",
    "source",
    "rawsource",
  ],
  "line": 0,
  "listAttributes": Array [
    "ids",
    "classes",
    "names",
    "dupnames",
    "backrefs",
  ],
  "localAttributes": Array [
    "backrefs",
  ],
  "nameIds": Object {},
  "nameTypes": Object {},
  "names": Array [],
  "nodeName": Symbol(Element),
  "parseMessages": Array [],
  "rawsource": "",
  "refIds": Object {},
  "refNames": Object {},
  "referenced": false,
  "reporter": Reporter {
    "DEBUG_LEVEL": 0,
    "ERROR_LEVEL": 3,
    "INFO_LEVEL": 1,
    "SEVERE_LEVEL": 4,
    "WARNING_LEVEL": 2,
    "debugFlag": undefined,
    "debugLevel": 0,
    "encoding": "UTF-8",
    "errorHandler": "backslashreplace",
    "haltLevel": 4,
    "maxLevel": -1,
    "observers": Array [
      [Function],
    ],
    "reportLevel": undefined,
    "source": "",
    "stream": undefined,
  },
  "settings": Object {
    "docutilsCoreOptionParser": Object {
      "autoIdPrefix": "id",
      "debug": undefined,
      "errorEncoding": "UTF-8",
      "errorEncodingErrorHandler": "backslashreplace",
      "exitStatusLevel": 5,
      "haltLevel": undefined,
      "idPrefix": "",
      "inputEncodingErrorHandler": "strict",
      "languageCode": "en",
      "outputEncoding": "utf-8",
      "outputEncodingErrorHandler": "strict",
      "recordDependencies": null,
      "reportLevel": undefined,
    },
    "docutilsFrontendOptionParser": Object {
      "autoIdPrefix": "id",
      "errorEncoding": "UTF-8",
      "errorEncodingErrorHandler": "backslashreplace",
      "exitStatusLevel": 5,
      "idPrefix": "",
      "inputEncodingErrorHandler": "strict",
      "languageCode": "en",
      "outputEncoding": "utf-8",
      "outputEncodingErrorHandler": "strict",
      "recordDependencies": null,
    },
    "docutilsParsersRstParser": Object {
      "characterLevelInlineMarkup": false,
      "pepBaseUrl": "http://www.python.org/dev/peps/",
      "pepFileUrlTemplate": "pep-%04d",
      "rfcBaseUrl": "http://tools.ietf.org/html/",
      "smartQuotes": false,
      "syntaxHighlight": "long",
      "tabWidth": 8,
    },
    "docutilsReadersPepReader": Object {},
    "docutilsReadersStandaloneReader": Object {
      "docinfoXform": 1,
      "doctitleXform": 1,
    },
    "docutilsWritersDocutilsXmlWriter": Object {
      "doctypeDeclaration": 1,
      "xmlDeclaration": 1,
    },
    "docutilsWritersHtml4Css1Writer": Object {
      "attribution": "dash",
      "fieldNameLimit": 14,
      "footnoteReferences": "brackets",
      "initialHeaderLevel": "1",
      "mathOutput": "HTML math.css",
      "optionLimit": 14,
      "stylesheetDirs": Array [
        ".",
        "/usr/share/docutils/writers/html4css1",
        "/usr/share/docutils/writers/html5_polyglot",
      ],
      "stylesheetPath": Array [
        "html4css1.css",
      ],
      "tableStyle": "",
      "template": "/usr/share/docutils/writers/html4css1/template.txt",
      "xmlDeclaration": 1,
    },
    "docutilsWritersHtml5PolyglotWriter": Object {
      "attribution": "dash",
      "footnoteReferences": "brackets",
      "initialHeaderLevel": "1",
      "mathOutput": "HTML math.css",
      "stylesheetDirs": Array [
        ".",
        "/usr/share/docutils/writers/html5_polyglot",
      ],
      "stylesheetPath": Array [
        "minimal.css",
        "plain.css",
      ],
      "tableStyle": "",
      "template": "/usr/share/docutils/writers/html5_polyglot/template.txt",
    },
    "docutilsWritersLatex2EWriter": Object {
      "attribution": "dash",
      "documentclass": "article",
      "documentoptions": "a4paper",
      "docutilsFootnotes": true,
      "embedStylesheet": 0,
      "fontEncoding": "T1",
      "footnoteReferences": "superscript",
      "graphicxOption": "",
      "hyperlinkColor": "blue",
      "hyperrefOptions": "",
      "latexPreamble": "% PDF Standard Fonts
\\\\usepackage{mathptmx} % Times
\\\\usepackage[scaled=.90]{helvet}
\\\\usepackage{courier}",
      "literalBlockEnv": "",
      "referenceLabel": null,
      "sectionEnumeratorSeparator": "-",
      "stylesheet": "",
      "stylesheetDirs": Array [
        ".",
      ],
      "tableStyle": Array [
        "standard",
      ],
      "template": "default.tex",
      "useBibtex": null,
      "useLatexAbstract": 0,
      "useLatexDocinfo": 0,
      "usePartSection": 0,
      "useVerbatimWhenPossible": 0,
    },
    "docutilsWritersOdfOdtReader": Object {
      "docinfoXform": 1,
      "doctitleXform": 1,
    },
    "docutilsWritersOdfOdtWriter": Object {
      "addSyntaxHighlighting": false,
      "cloakEmailAddresses": false,
      "createLinks": false,
      "createSections": true,
      "customFooter": "",
      "customHeader": "",
      "endnotesEndDoc": false,
      "generateOowriterToc": true,
      "stylesheet": "/usr/share/docutils/writers/odf_odt/styles.odt",
      "tableBorderThickness": null,
    },
    "docutilsWritersPepHtmlWriter": Object {
      "attribution": "dash",
      "fieldNameLimit": 14,
      "footnoteReferences": "brackets",
      "initialHeaderLevel": "1",
      "mathOutput": "HTML math.css",
      "optionLimit": 14,
      "stylesheetDirs": Array [
        ".",
        "/usr/share/docutils/writers/html4css1",
        "/usr/share/docutils/writers/html5_polyglot",
      ],
      "stylesheetPath": Array [
        "html4css1.css",
      ],
      "tableStyle": "",
      "template": "/usr/share/docutils/writers/html4css1/template.txt",
      "xmlDeclaration": 1,
    },
    "docutilsWritersS5HtmlWriter": Object {
      "attribution": "dash",
      "fieldNameLimit": 14,
      "footnoteReferences": "brackets",
      "initialHeaderLevel": "1",
      "mathOutput": "HTML math.css",
      "optionLimit": 14,
      "stylesheetDirs": Array [
        ".",
        "/usr/share/docutils/writers/html4css1",
        "/usr/share/docutils/writers/html5_polyglot",
      ],
      "stylesheetPath": Array [
        "html4css1.css",
      ],
      "tableStyle": "",
      "template": "/usr/share/docutils/writers/html4css1/template.txt",
      "xmlDeclaration": 1,
    },
    "docutilsWritersXetexWriter": Object {
      "attribution": "dash",
      "documentclass": "article",
      "documentoptions": "a4paper",
      "docutilsFootnotes": true,
      "embedStylesheet": 0,
      "footnoteReferences": "superscript",
      "graphicxOption": "",
      "hyperlinkColor": "blue",
      "hyperrefOptions": "",
      "latexPreamble": "% Linux Libertine (free, wide coverage, not only for Linux)
\\\\setmainfont{Linux Libertine O}
\\\\setsansfont{Linux Biolinum O}
\\\\setmonofont[HyphenChar=None,Scale=MatchLowercase]{DejaVu Sans Mono}",
      "literalBlockEnv": "",
      "referenceLabel": null,
      "sectionEnumeratorSeparator": "-",
      "stylesheet": "",
      "stylesheetDirs": Array [
        ".",
      ],
      "tableStyle": Array [
        "standard",
      ],
      "template": "xelatex.tex",
      "useBibtex": null,
      "useLatexAbstract": 0,
      "useLatexDocinfo": 0,
      "usePartSection": 0,
      "useVerbatimWhenPossible": 0,
    },
  },
  "source": "",
  "substitutionDefs": Object {},
  "substitutionNames": Object {},
  "symbolFootnoteRefs": Array [],
  "symbolFootnoteStart": 0,
  "symbolFootnotes": Array [],
  "tagname": "document",
  "transformMessages": Array [],
  "transformer": Transformer {
    "applied": Array [],
    "components": Object {
      "undefined": Output {
        "_init": [MockFunction],
        "encode": [MockFunction],
        "getTransforms": [MockFunction] {
          "calls": Array [
            Array [],
          ],
          "results": Array [
            Object {
              "type": "return",
              "value": undefined,
            },
          ],
        },
        "toString": [MockFunction],
        "write": [MockFunction],
      },
    },
    "document": [Circular],
    "serialno": 0,
    "sorted": 0,
    "transforms": Array [],
    "unknownReferenceResolvers": Array [],
  },
}
`;
