// Jest Snapshot v1, https://goo.gl/fbAQLP

exports[`Instantiate publisher #2 1`] = `
document {
  "attributes": Object {
    "backrefs": Array [],
    "classes": Array [],
    "dupnames": Array [],
    "ids": Array [],
    "names": Array [],
  },
  "autofootnoteRefs": Array [],
  "autofootnoteStart": 1,
  "autofootnotes": Array [],
  "basicAttributes": Array [
    "ids",
    "classes",
    "names",
    "dupnames",
  ],
  "childTextSeparator": "

",
  "children": Array [],
  "citationRefs": Object {},
  "citations": Array [],
  "classes": Array [
    [Function],
    [Function],
  ],
  "currentLine": 0,
  "currentSource": undefined,
  "decoration": undefined,
  "document": [Circular],
  "footnoteRefs": Object {},
  "footnotes": Array [],
  "idStart": 1,
  "ids": Object {},
  "indirectTargets": Array [],
  "knownAttributes": Array [
    "ids",
    "classes",
    "names",
    "dupnames",
    "backrefs",
    "source",
    "rawsource",
  ],
  "line": undefined,
  "listAttributes": Array [
    "ids",
    "classes",
    "names",
    "dupnames",
    "backrefs",
  ],
  "localAttributes": Array [
    "backrefs",
  ],
  "nameIds": Object {},
  "nameTypes": Object {},
  "nodeName": Symbol(Element),
  "parent": undefined,
  "parseMesssages": Array [],
  "refIds": Object {},
  "refNames": Object {},
  "reporter": Reporter {
    "DEBUG_LEVEL": 0,
    "ERROR_LEVEL": 3,
    "INFO_LEVEL": 1,
    "SEVERE_LEVEL": 4,
    "WARNING_LEVEL": 2,
    "debugFlag": false,
    "encoding": "utf-8",
    "errorHandler": "backslashreplace",
    "haltLevel": 4,
    "maxLevel": -1,
    "observers": Array [
      [Function],
    ],
    "reportLevel": 2,
    "source": undefined,
    "stream": null,
  },
  "settings": Object {
    "autoIdPrefix": "id",
    "debug": false,
    "dumpInternals": null,
    "dumpPsuedoXml": null,
    "dumpSettings": null,
    "dumpTransforms": null,
    "errorEncoding": "utf-8",
    "errorEncodingErrorHandler": "backslashreplace",
    "exitStatusLevel": 5,
    "exposeInternalAttribute": null,
    "footnoteBacklinks": true,
    "haltLevel": 4,
    "idPrefix": "",
    "initialHeaderLevel": 1,
    "inputEncodingErrorHandler": "strict",
    "languageCode": "en",
    "mathOutput": "HTML math.css",
    "outputEncoding": "utf-8",
    "outputEncodingErrorHandler": "strict",
    "recordDependencies": null,
    "reportLevel": 2,
    "sectionNumbering": true,
    "strictVisitor": null,
    "tocBacklinks": "entry",
    "traceback": null,
    "warningStream": null,
  },
  "source": undefined,
  "substitutionDefs": Object {},
  "substitutionNames": Object {},
  "symbolFootnoteRefs": Array [],
  "symbolFootnoteStart": 0,
  "symbolFootnotes": Array [],
  "tagname": "document",
  "transformMessages": Array [],
  "transformer": Transformer {
    "applied": Array [],
    "components": Object {
      "undefined": Output {
        "_init": [MockFunction],
        "encode": [MockFunction],
        "getTransforms": [MockFunction] {
          "calls": Array [
            Array [],
          ],
          "results": Array [
            Object {
              "type": "return",
              "value": undefined,
            },
          ],
        },
        "toString": [MockFunction],
        "write": [MockFunction],
      },
    },
    "document": [Circular],
    "serialno": 0,
    "sorted": 0,
    "transforms": Array [],
    "unknownReferenceResolvers": Array [],
  },
}
`;

exports[`Instantiate publisher 1`] = `
document {
  "attributes": Object {
    "backrefs": Array [],
    "classes": Array [],
    "dupnames": Array [],
    "ids": Array [],
    "names": Array [],
  },
  "autofootnoteRefs": Array [],
  "autofootnoteStart": 1,
  "autofootnotes": Array [],
  "basicAttributes": Array [
    "ids",
    "classes",
    "names",
    "dupnames",
  ],
  "childTextSeparator": "

",
  "children": Array [],
  "citationRefs": Object {},
  "citations": Array [],
  "classes": Array [
    [Function],
    [Function],
  ],
  "currentLine": 0,
  "currentSource": undefined,
  "decoration": undefined,
  "document": [Circular],
  "footnoteRefs": Object {},
  "footnotes": Array [],
  "idStart": 1,
  "ids": Object {},
  "indirectTargets": Array [],
  "knownAttributes": Array [
    "ids",
    "classes",
    "names",
    "dupnames",
    "backrefs",
    "source",
    "rawsource",
  ],
  "line": undefined,
  "listAttributes": Array [
    "ids",
    "classes",
    "names",
    "dupnames",
    "backrefs",
  ],
  "localAttributes": Array [
    "backrefs",
  ],
  "nameIds": Object {},
  "nameTypes": Object {},
  "nodeName": Symbol(Element),
  "parent": undefined,
  "parseMesssages": Array [],
  "refIds": Object {},
  "refNames": Object {},
  "reporter": Reporter {
    "DEBUG_LEVEL": 0,
    "ERROR_LEVEL": 3,
    "INFO_LEVEL": 1,
    "SEVERE_LEVEL": 4,
    "WARNING_LEVEL": 2,
    "debugFlag": false,
    "encoding": "utf-8",
    "errorHandler": "backslashreplace",
    "haltLevel": 4,
    "maxLevel": -1,
    "observers": Array [
      [Function],
    ],
    "reportLevel": 2,
    "source": undefined,
    "stream": null,
  },
  "settings": Object {
    "autoIdPrefix": "id",
    "debug": false,
    "dumpInternals": null,
    "dumpPsuedoXml": null,
    "dumpSettings": null,
    "dumpTransforms": null,
    "errorEncoding": "utf-8",
    "errorEncodingErrorHandler": "backslashreplace",
    "exitStatusLevel": 5,
    "exposeInternalAttribute": null,
    "footnoteBacklinks": true,
    "haltLevel": 4,
    "idPrefix": "",
    "initialHeaderLevel": 1,
    "inputEncodingErrorHandler": "strict",
    "languageCode": "en",
    "mathOutput": "HTML math.css",
    "outputEncoding": "utf-8",
    "outputEncodingErrorHandler": "strict",
    "recordDependencies": null,
    "reportLevel": 2,
    "sectionNumbering": true,
    "strictVisitor": null,
    "tocBacklinks": "entry",
    "traceback": null,
    "warningStream": null,
  },
  "source": undefined,
  "substitutionDefs": Object {},
  "substitutionNames": Object {},
  "symbolFootnoteRefs": Array [],
  "symbolFootnoteStart": 0,
  "symbolFootnotes": Array [],
  "tagname": "document",
  "transformMessages": Array [],
  "transformer": Transformer {
    "applied": Array [],
    "components": Object {
      "undefined": Output {
        "_init": [MockFunction],
        "encode": [MockFunction],
        "getTransforms": [MockFunction] {
          "calls": Array [
            Array [],
          ],
          "results": Array [
            Object {
              "type": "return",
              "value": undefined,
            },
          ],
        },
        "toString": [MockFunction],
        "write": [MockFunction],
      },
    },
    "document": [Circular],
    "serialno": 0,
    "sorted": 0,
    "transforms": Array [],
    "unknownReferenceResolvers": Array [],
  },
}
`;
