// Jest Snapshot v1, https://goo.gl/fbAQLP

exports[`Bold 1`] = `"Eat <strong>lots</strong> of <emphasis>food</emphasis>."`;

exports[`Bold 2`] = `""`;

exports[`Emphasis 1`] = `"I like <emphasis>TV</emphasis>"`;

exports[`Emphasis 2`] = `""`;

exports[`Interpreted text 1`] = `"<title_reference>test</title_reference>"`;

exports[`Interpreted text 2`] = `""`;

exports[`Interpreted text, no specified role 1`] = `"<problematic ids=\\"id2\\" refid=\\"id1\\">\`test\`</problematic>"`;

exports[`Interpreted text, no specified role 2`] = `"<system_message ids=\\"id1\\" backrefs=\\"id2\\" line=\\"1\\"><paragraph>Unknown interpreted text role &quot;&quot;.</paragraph></system_message>"`;

exports[`Literal 1`] = `"<literal>literal</literal>"`;

exports[`Literal 2`] = `""`;

exports[`Not sure 1`] = `"<target ids=\\"hello\\" names=\\"hello\\">hello</target>"`;

exports[`Not sure 2`] = `""`;

exports[`inliner 1 1`] = `"<title_reference>test</title_reference>"`;

exports[`inliner 1 2`] = `""`;
