// Jest Snapshot v1, https://goo.gl/fbAQLP

exports[`Body patterns 1`] = `
Object {
  "anonymous": "__( +|)",
  "blank": " *$",
  "bullet": "[-+*\\\\u2022\\\\u2023\\\\u2043]( +|$)",
  "doctest": ">>>( +|$)",
  "enumerator": "((\\\\(\\\\))|(\\\\))|(\\\\.))( +|$)",
  "explicit_markup": "\\\\.\\\\.( +|$)",
  "field_marker": ":(?![: ])([^:\\\\\\\\]|\\\\\\\\.|:(?!([ \`]|$)))*(?<! ):( +|$)",
  "grid_table_Top": /\\\\\\+-\\[-\\+\\]\\+-\\\\\\+ \\*\\$/,
  "grid_table_top": /\\\\\\+-\\[-\\+\\]\\+-\\\\\\+ \\*\\$/,
  "indent": " +",
  "line": "([!-/:-@[-\`{-~])\\\\1* *$",
  "line_block": "\\\\|( +|$)",
  "option_marker": "((-|\\\\+)[a-zA-Z0-9]( ?([a-zA-Z][a-zA-Z0-9_-]*|<[^<>]+>))?|(--|/)[a-zA-Z0-9][a-zA-Z0-9_-]*([ =]([a-zA-Z][a-zA-Z0-9_-]*|<[^<>]+>))?)(, ((-|\\\\+)[a-zA-Z0-9]( ?([a-zA-Z][a-zA-Z0-9_-]*|<[^<>]+>))?|(--|/)[a-zA-Z0-9][a-zA-Z0-9_-]*([ =]([a-zA-Z][a-zA-Z0-9_-]*|<[^<>]+>))?))*(  +| ?$)",
  "simple_table_top": /=\\+\\( \\+=\\+\\)\\+ \\*\\$/,
  "text": "",
}
`;
