// Jest Snapshot v1, https://goo.gl/fbAQLP

exports[`rst2pojo pipeline 1`] = `
Array [
  "document",
  Object {
    "source": "<string>",
  },
  Array [
    Array [
      "section",
      Object {
        "ids": Array [
          "random test",
        ],
        "names": Array [
          "random test",
        ],
      },
      Array [
        Array [
          "title",
          Object {},
          Array [
            "Random test",
          ],
        ],
        Array [
          "paragraph",
          Object {},
          Array [
            "I like food.",
          ],
        ],
      ],
    ],
  ],
]
`;
